../Core/Src/main.c:80:6:set_pwm_duty_cycle	48	static
../Core/Src/main.c:92:13:processCRSFpacket	24	static
../Core/Src/main.c:123:13:crsf_recieve	40	static
../Core/Src/main.c:165:6:HAL_UART_RxCpltCallback	16	static
../Core/Src/main.c:175:5:main	8	static
../Core/Src/main.c:223:1:__io_putchar	16	static
../Core/Src/main.c:235:6:SystemClock_Config	72	static
../Core/Src/main.c:274:13:MX_TIM3_Init	64	static
../Core/Src/main.c:345:13:MX_USART1_UART_Init	8	static
../Core/Src/main.c:378:13:MX_USART2_UART_Init	8	static
../Core/Src/main.c:411:13:MX_GPIO_Init	40	static
../Core/Src/main.c:444:6:Error_Handler	4	static,ignoring_inline_asm
